src/app/ai-assistant/page.tsx(84,17): error TS1127: Invalid character.
src/app/ai-assistant/page.tsx(184,1): error TS1160: Unterminated template literal.
